▦ Folders                                                                    6
▾ Design                                                                     6
  ▾ 512 Pixels                                                               6
    >* 1. Jonny Ive Designed a Car Interior                      [3 hours ago]
       Design | 512 Pixels | Jonny Ive Designed a Car Interior    [2026-02-11]
