Reeder CLI   List 
j/k move | enter open | / search | a/u/* filter | n more | r refresh | ? help

▦ Folders                                                                                         1
▾ Design                                                                                          1
  ▾ 512 Pixels                                                                                    1
    >  Jonny Ive Designed a Car Interior                                               [2026-02-11]
■ Feeds
▾ Engadget
       Top-level Feed Story                                                            [2026-02-11]

state: idle | Ready
mode list • filter all • page 1 • 2 shown

